  Determining projects to restore...
C:\Users\Home\Desktop\Common.Rest.Api\src\Shared\RestApi.Shared\RestApi.Shared.csproj : warning NU1603: RestApi.Shared depends on Microsoft.Extensions.Configuration.EnvironmentVariables (>= 10.0.0-preview.1.25120.3) but Microsoft.Extensions.Configuration.EnvironmentVariables 10.0.0-preview.1.25120.3 was not found. Microsoft.Extensions.Configuration.EnvironmentVariables 10.0.0-preview.2.25163.2 was resolved instead.
C:\Users\Home\Desktop\Common.Rest.Api\src\Shared\RestApi.Shared\RestApi.Shared.csproj : warning NU1603: RestApi.Shared depends on Microsoft.Extensions.Configuration.Json (>= 10.0.0-preview.1.25120.3) but Microsoft.Extensions.Configuration.Json 10.0.0-preview.1.25120.3 was not found. Microsoft.Extensions.Configuration.Json 10.0.0-preview.2.25163.2 was resolved instead.
  All projects are up-to-date for restore.
C:\Users\Home\Desktop\Common.Rest.Api\src\Shared\RestApi.Shared\RestApi.Shared.csproj : warning NU1603: RestApi.Shared depends on Microsoft.Extensions.Configuration.EnvironmentVariables (>= 10.0.0-preview.1.25120.3) but Microsoft.Extensions.Configuration.EnvironmentVariables 10.0.0-preview.1.25120.3 was not found. Microsoft.Extensions.Configuration.EnvironmentVariables 10.0.0-preview.2.25163.2 was resolved instead.
C:\Users\Home\Desktop\Common.Rest.Api\src\Shared\RestApi.Shared\RestApi.Shared.csproj : warning NU1603: RestApi.Shared depends on Microsoft.Extensions.Configuration.Json (>= 10.0.0-preview.1.25120.3) but Microsoft.Extensions.Configuration.Json 10.0.0-preview.1.25120.3 was not found. Microsoft.Extensions.Configuration.Json 10.0.0-preview.2.25163.2 was resolved instead.
C:\Users\Home\Desktop\Common.Rest.Api\src\Shared\RestApi.Shared\Persistence\BaseDesignTimeDbContextFactory.cs(55,62): error CS0234: The type or namespace name 'EventId' does not exist in the namespace 'Microsoft.EntityFrameworkCore.Infrastructure' (are you missing an assembly reference?) [C:\Users\Home\Desktop\Common.Rest.Api\src\Shared\RestApi.Shared\RestApi.Shared.csproj]

Build FAILED.

C:\Users\Home\Desktop\Common.Rest.Api\src\Shared\RestApi.Shared\RestApi.Shared.csproj : warning NU1603: RestApi.Shared depends on Microsoft.Extensions.Configuration.EnvironmentVariables (>= 10.0.0-preview.1.25120.3) but Microsoft.Extensions.Configuration.EnvironmentVariables 10.0.0-preview.1.25120.3 was not found. Microsoft.Extensions.Configuration.EnvironmentVariables 10.0.0-preview.2.25163.2 was resolved instead.
C:\Users\Home\Desktop\Common.Rest.Api\src\Shared\RestApi.Shared\RestApi.Shared.csproj : warning NU1603: RestApi.Shared depends on Microsoft.Extensions.Configuration.Json (>= 10.0.0-preview.1.25120.3) but Microsoft.Extensions.Configuration.Json 10.0.0-preview.1.25120.3 was not found. Microsoft.Extensions.Configuration.Json 10.0.0-preview.2.25163.2 was resolved instead.
C:\Users\Home\Desktop\Common.Rest.Api\src\Shared\RestApi.Shared\RestApi.Shared.csproj : warning NU1603: RestApi.Shared depends on Microsoft.Extensions.Configuration.EnvironmentVariables (>= 10.0.0-preview.1.25120.3) but Microsoft.Extensions.Configuration.EnvironmentVariables 10.0.0-preview.1.25120.3 was not found. Microsoft.Extensions.Configuration.EnvironmentVariables 10.0.0-preview.2.25163.2 was resolved instead.
C:\Users\Home\Desktop\Common.Rest.Api\src\Shared\RestApi.Shared\RestApi.Shared.csproj : warning NU1603: RestApi.Shared depends on Microsoft.Extensions.Configuration.Json (>= 10.0.0-preview.1.25120.3) but Microsoft.Extensions.Configuration.Json 10.0.0-preview.1.25120.3 was not found. Microsoft.Extensions.Configuration.Json 10.0.0-preview.2.25163.2 was resolved instead.
C:\Users\Home\Desktop\Common.Rest.Api\src\Shared\RestApi.Shared\Persistence\BaseDesignTimeDbContextFactory.cs(55,62): error CS0234: The type or namespace name 'EventId' does not exist in the namespace 'Microsoft.EntityFrameworkCore.Infrastructure' (are you missing an assembly reference?) [C:\Users\Home\Desktop\Common.Rest.Api\src\Shared\RestApi.Shared\RestApi.Shared.csproj]
    4 Warning(s)
    1 Error(s)

Time Elapsed 00:00:04.51
